// Jest Snapshot v1, https://goo.gl/fbAQLP

exports[`Profile Screen Snapshot 1`] = `
<View>
  <Text>
    Profile
  </Text>
</View>
`;
